../Core/Src/stm32g4xx_hal_msp.c:65:6:HAL_MspInit	8	static
../Core/Src/stm32g4xx_hal_msp.c:87:6:HAL_SPI_MspInit	40	static
../Core/Src/stm32g4xx_hal_msp.c:123:6:HAL_SPI_MspDeInit	0	static
../Core/Src/stm32g4xx_hal_msp.c:152:6:HAL_TIM_Base_MspInit	16	static
../Core/Src/stm32g4xx_hal_msp.c:182:6:HAL_TIM_MspPostInit	32	static
../Core/Src/stm32g4xx_hal_msp.c:214:6:HAL_TIM_Base_MspDeInit	0	static
../Core/Src/stm32g4xx_hal_msp.c:250:6:HAL_UART_MspInit	104	static
../Core/Src/stm32g4xx_hal_msp.c:297:6:HAL_UART_MspDeInit	0	static
